REL606	1	58531	-	-	REL606	1	59940	SYN1	-	SYN	-
REL606	1	16976	-	-	REL606	1	16963	SYNAL1	SYN1	SYNAL	-
REL606	16973	58531	-	-	REL606	18405	59940	SYNAL2	SYN1	SYNAL	-
REL606	16976	16976	G	GTACTGACCCCAAAAAGTTGGACAGTTAAACACGAGGCATATAGGTCTGATTCCGATATTCAATTGGAGTCAGACCTTTTAATTTCAGGCTAATTCTTCTGCTGTTGTAGTATTCAATATATTCCGTAACAGCATCCTTCAGTTCGCTTATATTACTGAACTCATCAAGATAAAAACACTCCGACTTTAAGGTTCCAAAGAAACACTCCACCACAGCATTATCCAGACAATTGCCTTTTCTGGACATGCTTTGTTTAATACCATGTTCTTTAAGGATATTTTGATATCTTCTCATACGATACTGCCATCCCTGGTCAGAGTGCAGAACAGGATGCTCGTGAGGATTAAGCTTTTTGAATGCCTGATTGAGCATATTCTCAACCATGTTCATCACTGGTCTTTCCGAAAGGCTGTAAGAAATAACTTCGTTGTTGAAGAGATTTATTACTGGAGACAAATACAGCTTGCGCCCATTGACTGCAAATTCAGTAACATCGGTAACCCACTTCTCGTTTGGCCGCGTAGCCTTGAAATCTCTTTGGAGAACATTAGGGGCGGTTTGCCCTACCTCTCCTCTGTAAGAGCGGTATCGCTTGACCTTAATCGCTGCTTTAAGTGAGAGGGTTCCCATCAGGCGCTGAACAGCTTTATGGTTAATCTGTTTCCCTTCTCGATGAAGAGACAGCGTTACCCTACGGTATCCGTATCGGCCTCTATTCTCGTGATAAATCTCACTAATACGCTTTTTAACGTCCGCATACTTGTCAGGCTTGCTGAGAGCCTTTAGATGATAATAAAACGTACTGCGCGGTATCTCCGCAGCCCTGAGAAGCTCATCAAGAGGATAAAACTGCCTTAGCTCGTTGAGTACTTTCACTTTTTCGTGGGATGAGCTAAGGCTTTCAGCTTTTTTAGATACATAAGCCGCGTTTCAAGAAATCGAACTTGCCTTTCAAGATCCTCAATGCGTCGGTCTTTTGACAGCTCCAATGCTGATGCCGCTTTTTCTGGATCAACTGATATTGCAATGTTTCTTTTGGTGCCAATCTTGAGCGCGCGTAAACCAGCTTCTCCGCGCTCTTCATAGACCTTCAGCCACCTGGCTACAGAACCACTACCAGCAAGCATAAAGTGAGCAGCAGCCTGATTAAGGGACATGTGCTGCTCGATCACAGCTTTCACGACCTTAATACGCAACTCTGGATCAGCACTAACGCCTTTAGGTTTGGGAATTAAACCTTTTTCTCCATGTTTTTCATAGAGGGCAACCCATGTCCTGACCTGGGTTCGGGGGACACCAAAACGTGCCGAGATGATCCTGTAACCATCATCAGTTGTGAAGTAGTGATTCACGACTTCAAGGCGCTTTTCAAAAGGGTATTTTGGCTTTGACATATTAGGGGCTATTCCATTTCATCGTCCAACAAAATGGGTGCAGTACA	REL606	16963	18404	INS1	SYN1	INS	-
REL606	58532	59940	-	-	-	-	-	NOTAL1	-	NOTAL	-
